// Jest Snapshot v1, https://goo.gl/fbAQLP

exports[`<Header /> should render Header component without crashing 1`] = `
<div
  className="header"
>
  <Menu
    className="mainMenu"
    secondary={true}
    stackable={true}
  >
    <MenuItem
      header={true}
    >
      <NavLink
        to="/"
      >
        <Image
          as="img"
          className="logo"
          src="test-file-stub"
          ui={true}
        />
      </NavLink>
    </MenuItem>
    <AllMenu
      items="navItems"
    />
  </Menu>
</div>
`;
